******************************************************************************
                  TI ARM Linker PC v5.2.5                      
******************************************************************************
>> Linked Tue Aug 16 03:40:12 2016

OUTPUT FILE NAME:   <lab_3.out>
ENTRY POINT SYMBOL: "_c_int00"  address: 000009c5


MEMORY CONFIGURATION

         name            origin    length      used     unused   attr    fill
----------------------  --------  ---------  --------  --------  ----  --------
  FLASH                 00000000   00040000  00000cce  0003f332  R  X
  SRAM                  20000000   00008000  00000216  00007dea  RW X


SEGMENT ALLOCATION MAP

run origin  load origin   length   init length attrs members
----------  ----------- ---------- ----------- ----- -------
00000000    00000000    00000cd0   00000cd0    r-x
  00000000    00000000    0000026c   0000026c    r-- .intvecs
  0000026c    0000026c    00000966   00000966    r-x .text
  00000bd4    00000bd4    000000dc   000000dc    r-- .const
  00000cb0    00000cb0    00000020   00000020    r-- .cinit
20000000    20000000    00000216   00000000    rw-
  20000000    20000000    00000200   00000000    rw- .stack
  20000200    20000200    00000016   00000000    rw- .data


SECTION ALLOCATION MAP

 output                                  attributes/
section   page    origin      length       input sections
--------  ----  ----------  ----------   ----------------
.intvecs   0    00000000    0000026c     
                  00000000    0000026c     tm4c123gh6pm_startup_ccs.obj (.intvecs)

.text      0    0000026c    00000966     
                  0000026c    00000168     lab3_2.obj (.text)
                  000003d4    00000132     driverlib.lib : gpio.obj (.text:GPIOPadConfigSet)
                  00000506    00000002     --HOLE-- [fill = 0]
                  00000508    00000110                   : sysctl.obj (.text:SysCtlClockGet)
                  00000618    000000f4                   : sysctl.obj (.text:SysCtlClockSet)
                  0000070c    0000009c     rtsv7M4_T_le_v4SPD16_eabi.lib : memcpy_t2.obj (.text)
                  000007a8    0000007a                                   : memset_t2.obj (.text)
                  00000822    00000002     --HOLE-- [fill = 0]
                  00000824    0000006c                                   : autoinit.obj (.text)
                  00000890    0000006a                                   : copy_decompress_rle.obj (.text)
                  000008fa    00000002     --HOLE-- [fill = 0]
                  000008fc    00000068     driverlib.lib : interrupt.obj (.text:IntEnable)
                  00000964    00000060                   : timer.obj (.text:TimerConfigure)
                  000009c4    00000050     rtsv7M4_T_le_v4SPD16_eabi.lib : boot.obj (.text)
                  00000a14    0000004c                                   : cpy_tbl.obj (.text)
                  00000a60    00000044                                   : exit.obj (.text)
                  00000aa4    00000034     driverlib.lib : sysctl.obj (.text:SysCtlPeripheralEnable)
                  00000ad8    0000002a                   : gpio.obj (.text:GPIODirModeSet)
                  00000b02    00000018                   : gpio.obj (.text:GPIOPinTypeGPIOOutput)
                  00000b1a    00000002     --HOLE-- [fill = 0]
                  00000b1c    00000018     rtsv7M4_T_le_v4SPD16_eabi.lib : args_main.obj (.text)
                  00000b34    00000014                                   : _lock.obj (.text)
                  00000b48    00000012     driverlib.lib : gpio.obj (.text:GPIOPinTypeGPIOInput)
                  00000b5a    00000012                   : timer.obj (.text:TimerLoadSet)
                  00000b6c    00000010                   : interrupt.obj (.text:IntMasterEnable)
                  00000b7c    0000000e                   : timer.obj (.text:TimerEnable)
                  00000b8a    0000000e     rtsv7M4_T_le_v4SPD16_eabi.lib : copy_decompress_none.obj (.text:decompress:none)
                  00000b98    0000000c     driverlib.lib : cpu.obj (.text:CPUcpsie)
                  00000ba4    0000000c     tm4c123gh6pm_startup_ccs.obj (.text)
                  00000bb0    00000008     driverlib.lib : timer.obj (.text:TimerIntEnable)
                  00000bb8    00000006                   : gpio.obj (.text:GPIOPinRead)
                  00000bbe    00000006                   : sysctl.obj (.text:SysCtlDelay)
                  00000bc4    00000006     rtsv7M4_T_le_v4SPD16_eabi.lib : copy_decompress_rle.obj (.text:decompress:rle24)
                  00000bca    00000004     driverlib.lib : timer.obj (.text:TimerIntClear)
                  00000bce    00000004     rtsv7M4_T_le_v4SPD16_eabi.lib : pre_init.obj (.text)

.const     0    00000bd4    000000dc     
                  00000bd4    00000070     driverlib.lib : interrupt.obj (.const)
                  00000c44    0000006c                   : sysctl.obj (.const:g_pui32Xtals)

.cinit     0    00000cb0    00000020     
                  00000cb0    0000000f     (.cinit..data.load) [load image, compression = rle]
                  00000cbf    00000001     --HOLE-- [fill = 0]
                  00000cc0    00000008     (__TI_handler_table)
                  00000cc8    00000008     (__TI_cinit_table)

.init_array 
*          0    00000000    00000000     UNINITIALIZED

.stack     0    20000000    00000200     UNINITIALIZED
                  20000000    00000200     --HOLE--

.data      0    20000200    00000016     UNINITIALIZED
                  20000200    00000008     rtsv7M4_T_le_v4SPD16_eabi.lib : _lock.obj (.data)
                  20000208    00000008                                   : exit.obj (.data)
                  20000210    00000004                                   : stkdepth_vars.obj (.data)
                  20000214    00000002     lab3_2.obj (.data)

.TI.persistent 
*          0    20000200    00000000     UNINITIALIZED


LINKER GENERATED COPY TABLES

__TI_cinit_table @ 00000cc8 records: 1, size/record: 8, table size: 8
	.data: load addr=00000cb0, load size=0000000f bytes, run addr=20000200, run size=00000016 bytes, compression=rle


LINKER GENERATED HANDLER TABLE

__TI_handler_table @ 00000cc0 records: 2, size/record: 4, table size: 8
	index: 0, handler: __TI_decompress_rle24
	index: 1, handler: __TI_decompress_none


GLOBAL SYMBOLS: SORTED ALPHABETICALLY BY Name 

address   name                    
-------   ----                    
00000a61  C$$EXIT                 
00000b99  CPUcpsie                
00000ad9  GPIODirModeSet          
000003d5  GPIOPadConfigSet        
00000bb9  GPIOPinRead             
00000b49  GPIOPinTypeGPIOInput    
00000b03  GPIOPinTypeGPIOOutput   
000008fd  IntEnable               
00000b6d  IntMasterEnable         
00000ba5  ResetISR                
UNDEFED   SHT$$INIT_ARRAY$$Base   
UNDEFED   SHT$$INIT_ARRAY$$Limit  
00000509  SysCtlClockGet          
00000619  SysCtlClockSet          
00000bbf  SysCtlDelay             
00000aa5  SysCtlPeripheralEnable  
00000311  Timer0IntHandler        
00000965  TimerConfigure          
00000b7d  TimerEnable             
00000bcb  TimerIntClear           
00000bb1  TimerIntEnable          
00000b5b  TimerLoadSet            
20000200  __STACK_END             
00000200  __STACK_SIZE            
20000200  __STACK_TOP             
00000cc8  __TI_CINIT_Base         
00000cd0  __TI_CINIT_Limit        
00000cc0  __TI_Handler_Table_Base 
00000cc8  __TI_Handler_Table_Limit
00000825  __TI_auto_init          
20000208  __TI_cleanup_ptr        
00000b8b  __TI_decompress_none    
00000bc5  __TI_decompress_rle24   
2000020c  __TI_dtors_ptr          
00000000  __TI_static_base__      
000007a9  __aeabi_memclr          
000007a9  __aeabi_memclr4         
000007a9  __aeabi_memclr8         
0000070d  __aeabi_memcpy          
0000070d  __aeabi_memcpy4         
0000070d  __aeabi_memcpy8         
000007ab  __aeabi_memset          
000007ab  __aeabi_memset4         
000007ab  __aeabi_memset8         
ffffffff  __binit__               
ffffffff  __c_args__              
20000000  __stack                 
00000b1d  _args_main              
000009c5  _c_int00                
20000200  _lock                   
00000b43  _nop                    
00000b3b  _register_lock          
00000b35  _register_unlock        
00000bcf  _system_pre_init        
20000204  _unlock                 
00000a65  abort                   
ffffffff  binit                   
00000a15  copy_in                 
0000026d  detectKeyPress          
00000a6d  exit                    
00000000  g_pfnVectors            
0000032b  main                    
20000210  main_func_sp            
0000070d  memcpy                  
000007b1  memset                  
20000214  state                   
20000215  watch1                  


GLOBAL SYMBOLS: SORTED BY Symbol Address 

address   name                    
-------   ----                    
00000000  __TI_static_base__      
00000000  g_pfnVectors            
00000200  __STACK_SIZE            
0000026d  detectKeyPress          
00000311  Timer0IntHandler        
0000032b  main                    
000003d5  GPIOPadConfigSet        
00000509  SysCtlClockGet          
00000619  SysCtlClockSet          
0000070d  __aeabi_memcpy          
0000070d  __aeabi_memcpy4         
0000070d  __aeabi_memcpy8         
0000070d  memcpy                  
000007a9  __aeabi_memclr          
000007a9  __aeabi_memclr4         
000007a9  __aeabi_memclr8         
000007ab  __aeabi_memset          
000007ab  __aeabi_memset4         
000007ab  __aeabi_memset8         
000007b1  memset                  
00000825  __TI_auto_init          
000008fd  IntEnable               
00000965  TimerConfigure          
000009c5  _c_int00                
00000a15  copy_in                 
00000a61  C$$EXIT                 
00000a65  abort                   
00000a6d  exit                    
00000aa5  SysCtlPeripheralEnable  
00000ad9  GPIODirModeSet          
00000b03  GPIOPinTypeGPIOOutput   
00000b1d  _args_main              
00000b35  _register_unlock        
00000b3b  _register_lock          
00000b43  _nop                    
00000b49  GPIOPinTypeGPIOInput    
00000b5b  TimerLoadSet            
00000b6d  IntMasterEnable         
00000b7d  TimerEnable             
00000b8b  __TI_decompress_none    
00000b99  CPUcpsie                
00000ba5  ResetISR                
00000bb1  TimerIntEnable          
00000bb9  GPIOPinRead             
00000bbf  SysCtlDelay             
00000bc5  __TI_decompress_rle24   
00000bcb  TimerIntClear           
00000bcf  _system_pre_init        
00000cc0  __TI_Handler_Table_Base 
00000cc8  __TI_CINIT_Base         
00000cc8  __TI_Handler_Table_Limit
00000cd0  __TI_CINIT_Limit        
20000000  __stack                 
20000200  __STACK_END             
20000200  __STACK_TOP             
20000200  _lock                   
20000204  _unlock                 
20000208  __TI_cleanup_ptr        
2000020c  __TI_dtors_ptr          
20000210  main_func_sp            
20000214  state                   
20000215  watch1                  
ffffffff  __binit__               
ffffffff  __c_args__              
ffffffff  binit                   
UNDEFED   SHT$$INIT_ARRAY$$Base   
UNDEFED   SHT$$INIT_ARRAY$$Limit  

[67 symbols]
