******************************************************************************
                  TI ARM Linker PC v5.2.5                      
******************************************************************************
>> Linked Tue Aug 09 18:51:32 2016

OUTPUT FILE NAME:   <lab1.out>
ENTRY POINT SYMBOL: "_c_int00"  address: 000008f9


MEMORY CONFIGURATION

         name            origin    length      used     unused   attr    fill
----------------------  --------  ---------  --------  --------  ----  --------
  FLASH                 00000000   00040000  00000dac  0003f254  R  X
  SRAM                  20000000   00008000  00000482  00007b7e  RW X


SEGMENT ALLOCATION MAP

run origin  load origin   length   init length attrs members
----------  ----------- ---------- ----------- ----- -------
00000000    00000000    00000db0   00000db0    r-x
  00000000    00000000    0000026c   0000026c    r-- .intvecs
  0000026c    0000026c    00000918   00000918    r-x .text
  00000b84    00000b84    000001f0   000001f0    r-- .const
  00000d78    00000d78    00000038   00000038    r-- .cinit
20000000    20000000    00000482   00000000    rw-
  20000000    20000000    0000026c   00000000    rw- .vtable
  2000026c    2000026c    00000200   00000000    rw- .stack
  2000046c    2000046c    00000016   00000000    rw- .data


SECTION ALLOCATION MAP

 output                                  attributes/
section   page    origin      length       input sections
--------  ----  ----------  ----------   ----------------
.intvecs   0    00000000    0000026c     
                  00000000    0000026c     tm4c123gh6pm_startup_ccs.obj (.intvecs)

.text      0    0000026c    00000918     
                  0000026c    000001b4     lab1_3.obj (.text)
                  00000420    00000132     driverlib.lib : gpio.obj (.text:GPIOPadConfigSet)
                  00000552    00000002     --HOLE-- [fill = 0]
                  00000554    000000f4                   : sysctl.obj (.text:SysCtlClockSet)
                  00000648    0000009c     rtsv7M4_T_le_v4SPD16_eabi.lib : memcpy_t2.obj (.text)
                  000006e4    0000007a                                   : memset_t2.obj (.text)
                  0000075e    00000002     --HOLE-- [fill = 0]
                  00000760    0000006c                                   : autoinit.obj (.text)
                  000007cc    0000006a                                   : copy_decompress_rle.obj (.text)
                  00000836    00000002     --HOLE-- [fill = 0]
                  00000838    00000068     driverlib.lib : interrupt.obj (.text:IntEnable)
                  000008a0    00000056                   : gpio.obj (.text:GPIOIntTypeSet)
                  000008f6    00000002     --HOLE-- [fill = 0]
                  000008f8    00000050     rtsv7M4_T_le_v4SPD16_eabi.lib : boot.obj (.text)
                  00000948    0000004c                                   : cpy_tbl.obj (.text)
                  00000994    00000044                                   : exit.obj (.text)
                  000009d8    00000040     driverlib.lib : gpio.obj (.text:_GPIOIntNumberGet)
                  00000a18    00000034                   : interrupt.obj (.text:IntRegister)
                  00000a4c    00000034                   : sysctl.obj (.text:SysCtlPeripheralEnable)
                  00000a80    0000002a                   : gpio.obj (.text:GPIODirModeSet)
                  00000aaa    00000018                   : gpio.obj (.text:GPIOIntRegister)
                  00000ac2    00000018                   : gpio.obj (.text:GPIOPinTypeGPIOOutput)
                  00000ada    00000002     --HOLE-- [fill = 0]
                  00000adc    00000018     rtsv7M4_T_le_v4SPD16_eabi.lib : args_main.obj (.text)
                  00000af4    00000014                                   : _lock.obj (.text)
                  00000b08    00000012     driverlib.lib : gpio.obj (.text:GPIOPinTypeGPIOInput)
                  00000b1a    0000000e                   : gpio.obj (.text:GPIOIntDisable)
                  00000b28    0000000e                   : gpio.obj (.text:GPIOIntStatus)
                  00000b36    0000000e     rtsv7M4_T_le_v4SPD16_eabi.lib : copy_decompress_none.obj (.text:decompress:none)
                  00000b44    0000000c     driverlib.lib : gpio.obj (.text:GPIOIntEnable)
                  00000b50    0000000c     rtsv7M4_T_le_v4SPD16_eabi.lib : copy_zero_init.obj (.text:decompress:ZI)
                  00000b5c    0000000c     tm4c123gh6pm_startup_ccs.obj (.text)
                  00000b68    00000006     driverlib.lib : gpio.obj (.text:GPIOIntClear)
                  00000b6e    00000006                   : gpio.obj (.text:GPIOPinWrite)
                  00000b74    00000006                   : sysctl.obj (.text:SysCtlDelay)
                  00000b7a    00000006     rtsv7M4_T_le_v4SPD16_eabi.lib : copy_decompress_rle.obj (.text:decompress:rle24)
                  00000b80    00000004                                   : pre_init.obj (.text)

.const     0    00000b84    000001f0     
                  00000b84    000000c0     driverlib.lib : gpio.obj (.const:g_ppui32GPIOIntMapBlizzard)
                  00000c44    000000c0                   : gpio.obj (.const:g_ppui32GPIOIntMapSnowflake)
                  00000d04    00000070                   : interrupt.obj (.const)

.cinit     0    00000d78    00000038     
                  00000d78    00000011     (.cinit..data.load) [load image, compression = rle]
                  00000d89    00000003     --HOLE-- [fill = 0]
                  00000d8c    0000000c     (__TI_handler_table)
                  00000d98    00000008     (.cinit..vtable.load) [load image, compression = zero_init]
                  00000da0    00000010     (__TI_cinit_table)

.init_array 
*          0    00000000    00000000     UNINITIALIZED

.vtable    0    20000000    0000026c     UNINITIALIZED
                  20000000    0000026c     driverlib.lib : interrupt.obj (.vtable)

.stack     0    2000026c    00000200     UNINITIALIZED
                  2000026c    00000200     --HOLE--

.data      0    2000046c    00000016     UNINITIALIZED
                  2000046c    00000008     rtsv7M4_T_le_v4SPD16_eabi.lib : _lock.obj (.data)
                  20000474    00000008                                   : exit.obj (.data)
                  2000047c    00000004                                   : stkdepth_vars.obj (.data)
                  20000480    00000002     lab1_3.obj (.data)

.TI.persistent 
*          0    2000046c    00000000     UNINITIALIZED


LINKER GENERATED COPY TABLES

__TI_cinit_table @ 00000da0 records: 2, size/record: 8, table size: 16
	.data: load addr=00000d78, load size=00000011 bytes, run addr=2000046c, run size=00000016 bytes, compression=rle
	.vtable: load addr=00000d98, load size=00000008 bytes, run addr=20000000, run size=0000026c bytes, compression=zero_init


LINKER GENERATED HANDLER TABLE

__TI_handler_table @ 00000d8c records: 3, size/record: 4, table size: 12
	index: 0, handler: __TI_zero_init
	index: 1, handler: __TI_decompress_rle24
	index: 2, handler: __TI_decompress_none


GLOBAL SYMBOLS: SORTED ALPHABETICALLY BY Name 

address   name                    
-------   ----                    
00000995  C$$EXIT                 
00000a81  GPIODirModeSet          
00000b69  GPIOIntClear            
00000b1b  GPIOIntDisable          
00000b45  GPIOIntEnable           
00000aab  GPIOIntRegister         
00000b29  GPIOIntStatus           
000008a1  GPIOIntTypeSet          
00000421  GPIOPadConfigSet        
00000b09  GPIOPinTypeGPIOInput    
00000ac3  GPIOPinTypeGPIOOutput   
00000b6f  GPIOPinWrite            
00000839  IntEnable               
00000a19  IntRegister             
00000b5d  ResetISR                
UNDEFED   SHT$$INIT_ARRAY$$Base   
UNDEFED   SHT$$INIT_ARRAY$$Limit  
00000555  SysCtlClockSet          
00000b75  SysCtlDelay             
00000a4d  SysCtlPeripheralEnable  
2000046c  __STACK_END             
00000200  __STACK_SIZE            
2000046c  __STACK_TOP             
00000da0  __TI_CINIT_Base         
00000db0  __TI_CINIT_Limit        
00000d8c  __TI_Handler_Table_Base 
00000d98  __TI_Handler_Table_Limit
00000761  __TI_auto_init          
20000474  __TI_cleanup_ptr        
00000b37  __TI_decompress_none    
00000b7b  __TI_decompress_rle24   
20000478  __TI_dtors_ptr          
00000000  __TI_static_base__      
00000b51  __TI_zero_init          
000006e5  __aeabi_memclr          
000006e5  __aeabi_memclr4         
000006e5  __aeabi_memclr8         
00000649  __aeabi_memcpy          
00000649  __aeabi_memcpy4         
00000649  __aeabi_memcpy8         
000006e7  __aeabi_memset          
000006e7  __aeabi_memset4         
000006e7  __aeabi_memset8         
ffffffff  __binit__               
ffffffff  __c_args__              
2000026c  __stack                 
00000add  _args_main              
000008f9  _c_int00                
2000046c  _lock                   
00000b03  _nop                    
00000afb  _register_lock          
00000af5  _register_unlock        
00000b81  _system_pre_init        
20000470  _unlock                 
00000999  abort                   
ffffffff  binit                   
00000949  copy_in                 
000009a1  exit                    
20000000  g_pfnRAMVectors         
00000000  g_pfnVectors            
00000359  main                    
2000047c  main_func_sp            
00000649  memcpy                  
000006ed  memset                  
0000026d  onButtonDown            
00000309  onButtonUp              
20000480  ui8LED                  
20000481  ui8time                 


GLOBAL SYMBOLS: SORTED BY Symbol Address 

address   name                    
-------   ----                    
00000000  __TI_static_base__      
00000000  g_pfnVectors            
00000200  __STACK_SIZE            
0000026d  onButtonDown            
00000309  onButtonUp              
00000359  main                    
00000421  GPIOPadConfigSet        
00000555  SysCtlClockSet          
00000649  __aeabi_memcpy          
00000649  __aeabi_memcpy4         
00000649  __aeabi_memcpy8         
00000649  memcpy                  
000006e5  __aeabi_memclr          
000006e5  __aeabi_memclr4         
000006e5  __aeabi_memclr8         
000006e7  __aeabi_memset          
000006e7  __aeabi_memset4         
000006e7  __aeabi_memset8         
000006ed  memset                  
00000761  __TI_auto_init          
00000839  IntEnable               
000008a1  GPIOIntTypeSet          
000008f9  _c_int00                
00000949  copy_in                 
00000995  C$$EXIT                 
00000999  abort                   
000009a1  exit                    
00000a19  IntRegister             
00000a4d  SysCtlPeripheralEnable  
00000a81  GPIODirModeSet          
00000aab  GPIOIntRegister         
00000ac3  GPIOPinTypeGPIOOutput   
00000add  _args_main              
00000af5  _register_unlock        
00000afb  _register_lock          
00000b03  _nop                    
00000b09  GPIOPinTypeGPIOInput    
00000b1b  GPIOIntDisable          
00000b29  GPIOIntStatus           
00000b37  __TI_decompress_none    
00000b45  GPIOIntEnable           
00000b51  __TI_zero_init          
00000b5d  ResetISR                
00000b69  GPIOIntClear            
00000b6f  GPIOPinWrite            
00000b75  SysCtlDelay             
00000b7b  __TI_decompress_rle24   
00000b81  _system_pre_init        
00000d8c  __TI_Handler_Table_Base 
00000d98  __TI_Handler_Table_Limit
00000da0  __TI_CINIT_Base         
00000db0  __TI_CINIT_Limit        
20000000  g_pfnRAMVectors         
2000026c  __stack                 
2000046c  __STACK_END             
2000046c  __STACK_TOP             
2000046c  _lock                   
20000470  _unlock                 
20000474  __TI_cleanup_ptr        
20000478  __TI_dtors_ptr          
2000047c  main_func_sp            
20000480  ui8LED                  
20000481  ui8time                 
ffffffff  __binit__               
ffffffff  __c_args__              
ffffffff  binit                   
UNDEFED   SHT$$INIT_ARRAY$$Base   
UNDEFED   SHT$$INIT_ARRAY$$Limit  

[68 symbols]
